done dynamixel_mx64 m6 full 0.481 deg 294s
done dynamixel_mx106 m6 full 0.485 deg 341s
done feetech_sts3215_7v4 m6 full 1.035 deg 307s
done dynamixel_xl330 m6 full 1.170 deg 389s
done feetech_sts3215_12v m6 full 1.124 deg 290s
done waveshare_st3025 m6 full 0.953 deg 335s
done dynamixel_mx64 m1 full 1.410 deg 96s
done dynamixel_mx106 m1 full 1.019 deg 102s
done dynamixel_xl330 m1 full 1.781 deg 134s
done feetech_sts3215_7v4 m1 full 1.377 deg 104s
done feetech_sts3215_12v m1 full 1.191 deg 102s
done waveshare_st3025 m1 full 1.194 deg 106s
done dynamixel_mx64 m6 random 0.522 deg 265s
done dynamixel_mx106 m6 random 0.408 deg 282s
done feetech_sts3215_7v4 m6 random 0.961 deg 297s
done dynamixel_xl330 m6 random 1.192 deg 374s
done waveshare_st3025 m6 random 0.918 deg 287s
done feetech_sts3215_12v m6 random 1.175 deg 296s
done dynamixel_mx64 m1 random 1.452 deg 95s
done dynamixel_mx106 m1 random 0.999 deg 97s
done feetech_sts3215_7v4 m1 random 1.380 deg 102s
done dynamixel_xl330 m1 random 1.753 deg 122s
done feetech_sts3215_12v m1 random 1.904 deg 102s
done waveshare_st3025 m1 random 1.164 deg 97s
done dynamixel_mx64 m6 heavy 0.397 deg 270s
done dynamixel_mx106 m6 heavy 0.417 deg 282s
done feetech_sts3215_7v4 m6 heavy 0.707 deg 286s
done dynamixel_xl330 m6 heavy 1.006 deg 362s
done feetech_sts3215_12v m6 heavy 1.045 deg 287s
done waveshare_st3025 m6 heavy 0.903 deg 292s
done dynamixel_mx64 m1 heavy 1.006 deg 97s
done dynamixel_mx106 m1 heavy 0.841 deg 93s
done dynamixel_xl330 m1 heavy 1.515 deg 119s
done feetech_sts3215_7v4 m1 heavy 0.956 deg 98s
done feetech_sts3215_12v m1 heavy 1.425 deg 97s
done waveshare_st3025 m1 heavy 1.078 deg 96s
done dynamixel_mx64 m6 kp 0.537 deg 283s
done dynamixel_mx106 m6 kp 0.439 deg 286s
done feetech_sts3215_7v4 m6 kp 0.990 deg 293s
done dynamixel_xl330 m6 kp 1.119 deg 368s
done feetech_sts3215_12v m6 kp 1.216 deg 301s
done waveshare_st3025 m6 kp 0.849 deg 291s
done dynamixel_mx64 m1 kp 1.551 deg 96s
done dynamixel_mx106 m1 kp 1.077 deg 96s
done dynamixel_xl330 m1 kp 1.770 deg 118s
done feetech_sts3215_7v4 m1 kp 1.491 deg 100s
done feetech_sts3215_12v m1 kp 1.176 deg 99s
done waveshare_st3025 m1 kp 1.129 deg 95s
done dynamixel_mx106 m6 traj 0.245 deg 271s
done dynamixel_mx64 m6 traj 0.307 deg 275s
done feetech_sts3215_7v4 m6 traj 0.631 deg 296s
done dynamixel_xl330 m6 traj 0.883 deg 363s
done feetech_sts3215_12v m6 traj 0.887 deg 285s
done waveshare_st3025 m6 traj 0.591 deg 278s
done dynamixel_mx64 m1 traj 1.087 deg 90s
done dynamixel_mx106 m1 traj 0.710 deg 91s
done dynamixel_xl330 m1 traj 1.828 deg 118s
done feetech_sts3215_7v4 m1 traj 1.112 deg 98s
done feetech_sts3215_12v m1 traj 1.058 deg 92s
done waveshare_st3025 m1 traj 0.851 deg 86s
done feetech_sts3215_12v m1 xfer_friction 4.926 deg 97s
done feetech_sts3215_12v m6 xfer_friction 5.056 deg 284s
ALL DONE
